// Jest Snapshot v1, https://goo.gl/fbAQLP

exports[`<PokemonSearch /> renders without crashing 1`] = `
<div>
  <div
    aria-expanded={false}
    aria-haspopup="listbox"
    aria-labelledby="downshift-0-label"
    aria-owns={null}
    className="Autocomplete-sc-1wak8g9-1 cILwaC"
    role="combobox"
  >
    <input
      aria-activedescendant={null}
      aria-autocomplete="list"
      aria-controls={null}
      aria-labelledby="downshift-0-label"
      autoComplete="off"
      className="TextInput-sc-149814h-0 GiantInput-sc-1mhmfj5-0 CEtIK"
      id="downshift-0-input"
      onBlur={[Function]}
      onChange={[Function]}
      onKeyDown={[Function]}
      placeholder="Choose a Pokemon"
      value=""
    />
  </div>
</div>
`;
