// Jest Snapshot v1, https://goo.gl/fbAQLP

exports[`<InlineList /> renders without crashing 1`] = `
<div>
  <div
    aria-expanded={false}
    aria-haspopup="listbox"
    aria-labelledby="downshift-0-label"
    aria-owns={null}
    className="Autocomplete-sc-18qws42-1 jEZDkd"
    role="combobox"
  >
    <input
      aria-activedescendant={null}
      aria-autocomplete="list"
      aria-controls={null}
      aria-labelledby="downshift-0-label"
      autoComplete="off"
      className="TextInput-sc-17mm9lu-0 GiantInput-sc-1xpf4pb-0 dwkaeV"
      id="downshift-0-input"
      onBlur={[Function]}
      onChange={[Function]}
      onKeyDown={[Function]}
      placeholder="Choose a Pokemon"
      value=""
    />
  </div>
</div>
`;

exports[`<PokemonSearch /> renders without crashing 1`] = `
<div>
  <div
    aria-expanded={false}
    aria-haspopup="listbox"
    aria-labelledby="downshift-0-label"
    aria-owns={null}
    className="Autocomplete-sc-18qws42-1 jEZDkd"
    role="combobox"
  >
    <input
      aria-activedescendant={null}
      aria-autocomplete="list"
      aria-controls={null}
      aria-labelledby="downshift-0-label"
      autoComplete="off"
      className="TextInput-sc-17mm9lu-0 GiantInput-sc-1xpf4pb-0 dwkaeV"
      id="downshift-0-input"
      onBlur={[Function]}
      onChange={[Function]}
      onKeyDown={[Function]}
      placeholder="Choose a Pokemon"
      value=""
    />
  </div>
</div>
`;
