// Jest Snapshot v1, https://goo.gl/fbAQLP

exports[`<InlineList /> renders without crashing 1`] = `
<ul
  className="InlineList-sc-1dn69qz-0 YzWxJ"
>
  <li>
    Item 1
  </li>
  <li>
    Item 2
  </li>
</ul>
`;
