// Jest Snapshot v1, https://goo.gl/fbAQLP

exports[`<Autocomplete /> renders without crashing 1`] = `
<div
  className="Autocomplete-sc-1wak8g9-1 cILwaC"
>
  <div
    className="Autocomplete__AutocompleteDropdown-sc-1wak8g9-0 dKOLFs"
  >
    <span>
      Item 1
    </span>
    <span>
      Item 2
    </span>
  </div>
</div>
`;
