// Jest Snapshot v1, https://goo.gl/fbAQLP

exports[`<GiantInput /> renders without crashing 1`] = `
<input
  className="TextInput-sc-17mm9lu-0 GiantInput-sc-1xpf4pb-0 dwkaeV"
  type="text"
/>
`;
