// Jest Snapshot v1, https://goo.gl/fbAQLP

exports[`<CardHeading /> can render a different heading type 1`] = `
<h1
  className="CardHeading-mmeo34-0 ebVIiR"
>
  Heading 1
</h1>
`;

exports[`<CardHeading /> renders without crashing 1`] = `
<h2
  className="CardHeading-mmeo34-0 ebVIiR"
>
  Heading Default
</h2>
`;
