// Jest Snapshot v1, https://goo.gl/fbAQLP

exports[`<TeamBuilderContainer /> renders team builder 1`] = `
Array [
  <h1
    className="Heading-b3adig-0 jwQDLL"
  >
    Create a Team
  </h1>,
  <div
    aria-live="assertive"
    className="SectionContainer-xjlkvu-0 jZbaLj"
    role="alert"
  >
    <div
      className="CenteredRow-f3rx2f-0 hfFVle"
    >
      <input
        aria-label="Choose a team name"
        className="TextInput-sc-149814h-0 GiantInput-sc-1mhmfj5-0 CEtIK"
        onChange={[Function]}
        placeholder="Choose a team name"
      />
    </div>
    <div
      className="CenteredRow-f3rx2f-0 hNpdbY"
    >
      <div>
        <div
          aria-expanded={false}
          aria-haspopup="listbox"
          aria-labelledby="downshift-0-label"
          aria-owns={null}
          className="Autocomplete-sc-1wak8g9-1 cILwaC"
          role="combobox"
        >
          <input
            aria-activedescendant={null}
            aria-autocomplete="list"
            aria-controls={null}
            aria-labelledby="downshift-0-label"
            autoComplete="off"
            className="TextInput-sc-149814h-0 GiantInput-sc-1mhmfj5-0 CEtIK"
            id="downshift-0-input"
            onBlur={[Function]}
            onChange={[Function]}
            onKeyDown={[Function]}
            placeholder="Choose a Pokemon"
            value=""
          />
        </div>
      </div>
    </div>
  </div>,
]
`;
